# インストールするプラグインのリスト
# 下記の形式で記述:
#
#   プラグインディレクトリ名,アーカイブディレクトリ名 or タグ名,URL
#
# プラグインディレクトリ名はvendor/pluginsに置くプラグインの名前
# アーカイブディレクトリ名はtgz/zipファイルを展開したときのディレクト名
redmine_wiki_extensions,0.9.2,https://github.com/haru/redmine_wiki_extensions.git
redmine_xls_export,features,https://github.com/two-pack/redmine_xls_export.git
redmine_plugin_views_revisions,redmine_plugin_views_revisions,https://www.redmine.org/attachments/download/7705/redmine_plugin_views_revisions_v001.zip
redmine_importer,redmine-4.0,https://github.com/kou/redmine_importer.git
redmine_code_review,1.0.0,https://github.com/haru/redmine_code_review.git
redmine_backlogs,redmine4,https://github.com/ayapapa/redmine_backlogs.git
redmine_spent_time_column,redmine4,https://github.com/ayapapa/redmine_spent_time_column.git
redmine_scm,redmine4,https://github.com/ayapapa/redmine_scm.git
redmine_base_deface,master,https://github.com/jbbarth/redmine_base_deface.git
redmine_drafts,master,https://github.com/jbbarth/redmine_drafts.git
clipboard_image_paste,master,https://github.com/Utopism/clipboard_image_paste.git
redmine_banner,dev,https://github.com/akiko-pusu/redmine_banner.git
open_flash_chart,master,https://github.com/drakontia/redmine_open_flash_chart.git
redmine_local_avatars,master,https://github.com/thorin/redmine_local_avatars.git
redmine_dmsf,v2.4.1,https://github.com/danmunn/redmine_dmsf.git
redmine_oauth_provider,redmine-4,https://github.com/ayapapa/redmine_oauth_provider.git
